../Core/Src/main.c:167:5:main	8	static
../Core/Src/main.c:319:6:SystemClock_Config	88	static
../Core/Src/main.c:377:13:MX_USART3_UART_Init	8	static
../Core/Src/main.c:412:13:MX_GPIO_Init	56	static
../Core/Src/main.c:511:5:_write	24	static
../Core/Src/main.c:517:13:sensorGyroInit	16	static
../Core/Src/main.c:519:13:sensorGyroRead	16	static
../Core/Src/main.c:526:13:sensorAccInit	16	static
../Core/Src/main.c:528:13:sensorAccRead	16	static
../Core/Src/main.c:535:13:sensorMagInit	16	static
../Core/Src/main.c:537:13:sensorMagRead	16	static
../Core/Src/main.c:544:13:sensorBaroInit	16	static
../Core/Src/main.c:548:13:sensorBaroRead	16	static
../Core/Src/main.c:553:13:gyroDataRead	16	static
../Core/Src/main.c:565:13:accDataRead	24	static
../Core/Src/main.c:587:13:magDataRead	16	static
../Core/Src/main.c:599:13:baroDataRead	16	static
../Core/Src/main.c:619:6:startTaskControlMotor	16	static
../Core/Src/main.c:639:6:startTaskAttitude	16	static
../Core/Src/main.c:660:6:startTaskAltitude	16	static
../Core/Src/main.c:679:6:startPrintUart	32	static
../Core/Src/main.c:714:6:taskI2cR	16	static
../Core/Src/main.c:740:6:HAL_TIM_PeriodElapsedCallback	16	static
../Core/Src/main.c:757:6:Error_Handler	4	static,ignoring_inline_asm
