../Core/Inc/flight_math.h:55:19:constrain	24	static
../Core/Inc/flight_math.h:65:21:constrainf	24	static
../Core/Src/pid.c:41:13:isUsingSticksForArming	4	static
../Core/Src/pid.c:46:13:pidAntiGravityEnabled	4	static
../Core/Src/pid.c:51:13:pidSetTargetLooptime	16	static
../Core/Src/pid.c:58:13:pidInitFilters	80	static
../Core/Src/pid.c:183:13:pidInitConfig	24	static
../Core/Src/pid.c:233:13:resetPidProfile	16	static
../Core/Src/pid.c:338:6:pidInit	16	static
../Core/Src/pid.c:353:13:rotateItermAndAxisError	48	static
../Core/Src/pid.c:375:14:getSetpointRate	16	static
../Core/Src/pid.c:380:14:accelerationLimit	24	static
../Core/Src/pid.c:393:13:pidResetIterm	16	static
../Core/Src/pid.c:400:6:pidController	120	static
../Core/Src/pid.c:556:13:pidSetItermAccelerator	16	static
../Core/Src/pid.c:561:13:checkForThrottleErrorResetState	32	static
../Core/Src/pid.c:586:14:applyActualRates	48	static
../Core/Src/pid.c:598:13:scaleRawSetpointToFpvCamAngle	16	static
../Core/Src/pid.c:610:13:resetYawAxis	4	static
../Core/Src/pid.c:616:6:pidIncUpdateCounter	4	static
../Core/Src/pid.c:624:6:processRcCommand	24	static
